ets Jul 29 2019 12:21:46

rst:0x1 (POWERON_RESET),boot:0x13 (SPI_FAST_FLASH_BOOT)
configsip: 0, SPIWP:0xee
clk_drv:0x00,q_drv:0x00,d_drv:0x00,cs0_drv:0x00,hd_drv:0x00,wp_drv:0x00
mode:DIO, clock div:2
load:0x3fff0030,len:7084
ho 0 tail 12 room 4
load:0x40078000,len:15584
load:0x40080400,len:4
load:0x40080404,len:3876
entry 0x4008064c
[0;32mI (31) boot: ESP-IDF v5.1.1-dirty 2nd stage bootloader[0m
[0;32mI (31) boot: compile time Oct 27 2023 23:07:25[0m
[0;32mI (31) boot: Multicore bootloader[0m
[0;32mI (36) boot: chip revision: v3.0[0m
[0;32mI (40) boot.esp32: SPI Speed      : 40MHz[0m
[0;32mI (44) boot.esp32: SPI Mode       : DIO[0m
[0;32mI (49) boot.esp32: SPI Flash Size : 2MB[0m
[0;32mI (53) boot: Enabling RNG early entropy source...[0m
[0;32mI (59) boot: Partition Table:[0m
[0;32mI (62) boot: ## Label            Usage          Type ST Offset   Length[0m
[0;32mI (70) boot:  0 nvs              WiFi data        01 02 00009000 00006000[0m
[0;32mI (77) boot:  1 phy_init         RF data          01 01 0000f000 00001000[0m
[0;32mI (85) boot:  2 factory          factory app      00 00 00010000 00100000[0m
[0;32mI (92) boot: End of partition table[0m
[0;32mI (96) esp_image: segment 0: paddr=00010020 vaddr=3f400020 size=25a64h (154212) map[0m
[0;32mI (160) esp_image: segment 1: paddr=00035a8c vaddr=3ffb0000 size=03738h ( 14136) load[0m
[0;32mI (166) esp_image: segment 2: paddr=000391cc vaddr=40080000 size=06e4ch ( 28236) load[0m
[0;32mI (178) esp_image: segment 3: paddr=00040020 vaddr=400d0020 size=97650h (620112) map[0m
[0;32mI (402) esp_image: segment 4: paddr=000d7678 vaddr=40086e4c size=0e894h ( 59540) load[0m
[0;32mI (438) boot: Loaded app from partition at offset 0x10000[0m
[0;32mI (438) boot: Disabling RNG early entropy source...[0m
[0;32mI (450) cpu_start: Multicore app[0m
[0;32mI (450) cpu_start: Pro cpu up.[0m
[0;32mI (450) cpu_start: Starting app cpu, entry point is 0x4008137c[0m
[0;32mI (0) cpu_start: App cpu up.[0m
[0;32mI (468) cpu_start: Pro cpu start user code[0m
[0;32mI (468) cpu_start: cpu freq: 160000000 Hz[0m
[0;32mI (468) cpu_start: Application information:[0m
[0;32mI (473) cpu_start: Project name:     mqtt_tcp[0m
[0;32mI (478) cpu_start: App version:      1[0m
[0;32mI (482) cpu_start: Compile time:     May  2 2024 23:45:23[0m
[0;32mI (488) cpu_start: ELF file SHA256:  0f3d13501dd22dae...[0m
[0;32mI (494) cpu_start: ESP-IDF:          v5.1.1-dirty[0m
[0;32mI (500) cpu_start: Min chip rev:     v0.0[0m
[0;32mI (504) cpu_start: Max chip rev:     v3.99 [0m
[0;32mI (509) cpu_start: Chip rev:         v3.0[0m
[0;32mI (514) heap_init: Initializing. RAM available for dynamic allocation:[0m
[0;32mI (521) heap_init: At 3FFAE6E0 len 00001920 (6 KiB): DRAM[0m
[0;32mI (527) heap_init: At 3FFB7DF0 len 00028210 (160 KiB): DRAM[0m
[0;32mI (533) heap_init: At 3FFE0440 len 00003AE0 (14 KiB): D/IRAM[0m
[0;32mI (540) heap_init: At 3FFE4350 len 0001BCB0 (111 KiB): D/IRAM[0m
[0;32mI (546) heap_init: At 400956E0 len 0000A920 (42 KiB): IRAM[0m
[0;32mI (554) spi_flash: detected chip: generic[0m
[0;32mI (557) spi_flash: flash io: dio[0m
[0;33mW (561) spi_flash: Detected size(4096k) larger than the size in the binary image header(2048k). Using the size in the binary image header.[0m
[0;32mI (575) app_start: Starting scheduler on CPU0[0m
[0;32mI (579) app_start: Starting scheduler on CPU1[0m
[0;32mI (579) main_task: Started on CPU0[0m
[0;32mI (589) main_task: Calling app_main()[0m
[0;32mI (589) HiveMQTT:: [APP] Startup..[0m
[0;32mI (589) HiveMQTT:: [APP] Free memory: 279392 bytes[0m
[0;32mI (599) HiveMQTT:: [APP] IDF version: v5.1.1-dirty[0m
[0;32mI (659) example_connect: Start example_connect.[0m
I (669) wifi:wifi driver task: 3ffbfb98, prio:23, stack:6656, core=0
I (689) wifi:wifi firmware version: ce9244d
I (689) wifi:wifi certification version: v7.0
I (689) wifi:config NVS flash: enabled
I (689) wifi:config nano formating: disabled
I (699) wifi:Init data frame dynamic rx buffer num: 32
I (699) wifi:Init management frame dynamic rx buffer num: 32
I (709) wifi:Init management short buffer num: 32
I (709) wifi:Init dynamic tx buffer num: 32
I (719) wifi:Init static rx buffer size: 1600
I (719) wifi:Init static rx buffer num: 10
I (719) wifi:Init dynamic rx buffer num: 32
[0;32mI (729) wifi_init: rx ba win: 6[0m
[0;32mI (729) wifi_init: tcpip mbox: 32[0m
[0;32mI (739) wifi_init: udp mbox: 6[0m
[0;32mI (739) wifi_init: tcp mbox: 6[0m
[0;32mI (739) wifi_init: tcp tx win: 5744[0m
[0;32mI (749) wifi_init: tcp rx win: 5744[0m
[0;32mI (749) wifi_init: tcp mss: 1440[0m
[0;32mI (759) wifi_init: WiFi IRAM OP enabled[0m
[0;32mI (759) wifi_init: WiFi RX IRAM OP enabled[0m
[0;32mI (769) phy_init: phy_version 4670,719f9f6,Feb 18 2021,17:07:07[0m
I (869) wifi:mode : sta (40:22:d8:ea:7f:d4)
I (869) wifi:enable tsf
[0;32mI (869) example_connect: Connecting to Khong Cho Sai Ke...[0m
[0;32mI (879) example_connect: Waiting for IP(s)[0m
I (3289) wifi:new:<6,0>, old:<1,0>, ap:<255,255>, sta:<6,0>, prof:1
I (4549) wifi:state: init -> auth (b0)
I (4549) wifi:state: auth -> assoc (0)
I (4589) wifi:state: assoc -> run (10)
I (4709) wifi:connected with Khong Cho Sai Ke, aid = 1, channel 6, BW20, bssid = cc:71:90:26:81:18
I (4709) wifi:security: WPA2-PSK, phy: bgn, rssi: -40
I (4709) wifi:pm start, type: 1

I (4719) wifi:AP's beacon interval = 102400 us, DTIM period = 1
[0;32mI (5719) esp_netif_handlers: example_netif_sta ip: 192.168.1.10, mask: 255.255.255.0, gw: 192.168.1.1[0m
[0;32mI (5719) example_connect: Got IPv4 event: Interface "example_netif_sta" address: 192.168.1.10[0m
[0;32mI (6649) example_connect: Got IPv6 event: Interface "example_netif_sta" address: fe80:0000:0000:0000:4222:d8ff:feea:7fd4, type: ESP_IP6_ADDR_IS_LINK_LOCAL[0m
[0;32mI (6649) example_common: Connected to example_netif_sta[0m
[0;32mI (6659) example_common: - IPv4 address: 192.168.1.10,[0m
[0;32mI (6659) example_common: - IPv6 address: fe80:0000:0000:0000:4222:d8ff:feea:7fd4, type: ESP_IP6_ADDR_IS_LINK_LOCAL[0m
[0;31mE (6679) mqtt_client: Error parse uri = 9b549c7ca3dc4ee0b676668cd7bb32b4.s2.eu.hivemq.cloud:8884/mqtt[0m
[0;33mW (6679) mqtt_client: Client asked to stop, but was not started[0m
[0;31mE (6689) mqtt_client: Client was not initialized[0m
[0;32mI (6699) main_task: Returned from app_main()[0m
